// Jest Snapshot v1, https://goo.gl/fbAQLP

exports[`StyledText should match the snapshot 1`] = `
<Text
  style={
    Array [
      undefined,
      Object {
        "fontFamily": "space-mono",
      },
    ]
  }
>
  Snapshot test!
</Text>
`;
